Archive member included to satisfy reference by file (symbol)

c:/ac6/systemworkbench/plugins/fr.ac6.mcu.externaltools.arm-none.win32_1.7.0.201602121829/tools/compiler/bin/../lib/gcc/arm-none-eabi/5.2.1/armv6-m\libgcc.a(_thumb1_case_uqi.o)
                              Drivers/STM32F0xx_HAL_Driver/stm32f0xx_hal_tim.o (__gnu_thumb1_case_uqi)
c:/ac6/systemworkbench/plugins/fr.ac6.mcu.externaltools.arm-none.win32_1.7.0.201602121829/tools/compiler/bin/../lib/gcc/arm-none-eabi/5.2.1/armv6-m\libgcc.a(_udivsi3.o)
                              Application/User/main.o (__aeabi_uidiv)
c:/ac6/systemworkbench/plugins/fr.ac6.mcu.externaltools.arm-none.win32_1.7.0.201602121829/tools/compiler/bin/../lib/gcc/arm-none-eabi/5.2.1/armv6-m\libgcc.a(_divsi3.o)
                              Application/User/main.o (__aeabi_idiv)
c:/ac6/systemworkbench/plugins/fr.ac6.mcu.externaltools.arm-none.win32_1.7.0.201602121829/tools/compiler/bin/../lib/gcc/arm-none-eabi/5.2.1/armv6-m\libgcc.a(_dvmd_tls.o)
                              c:/ac6/systemworkbench/plugins/fr.ac6.mcu.externaltools.arm-none.win32_1.7.0.201602121829/tools/compiler/bin/../lib/gcc/arm-none-eabi/5.2.1/armv6-m\libgcc.a(_udivsi3.o) (__aeabi_idiv0)
c:/ac6/systemworkbench/plugins/fr.ac6.mcu.externaltools.arm-none.win32_1.7.0.201602121829/tools/compiler/bin/../lib/gcc/arm-none-eabi/5.2.1/armv6-m\libgcc.a(_lshrdi3.o)
                              Drivers/STM32F0xx_HAL_Driver/stm32f0xx_hal_flash.o (__aeabi_llsr)
c:/ac6/systemworkbench/plugins/fr.ac6.mcu.externaltools.arm-none.win32_1.7.0.201602121829/tools/compiler/bin/../lib/gcc/arm-none-eabi/5.2.1/../../../../arm-none-eabi/lib/armv6-m\libc_nano.a(lib_a-exit.o)
                              c:/ac6/systemworkbench/plugins/fr.ac6.mcu.externaltools.arm-none.win32_1.7.0.201602121829/tools/compiler/bin/../lib/gcc/arm-none-eabi/5.2.1/../../../../arm-none-eabi/lib/armv6-m/crt0.o (exit)
c:/ac6/systemworkbench/plugins/fr.ac6.mcu.externaltools.arm-none.win32_1.7.0.201602121829/tools/compiler/bin/../lib/gcc/arm-none-eabi/5.2.1/../../../../arm-none-eabi/lib/armv6-m\libc_nano.a(lib_a-impure.o)
                              c:/ac6/systemworkbench/plugins/fr.ac6.mcu.externaltools.arm-none.win32_1.7.0.201602121829/tools/compiler/bin/../lib/gcc/arm-none-eabi/5.2.1/../../../../arm-none-eabi/lib/armv6-m\libc_nano.a(lib_a-exit.o) (_global_impure_ptr)
c:/ac6/systemworkbench/plugins/fr.ac6.mcu.externaltools.arm-none.win32_1.7.0.201602121829/tools/compiler/bin/../lib/gcc/arm-none-eabi/5.2.1/../../../../arm-none-eabi/lib/armv6-m\libc_nano.a(lib_a-init.o)
                              c:/ac6/systemworkbench/plugins/fr.ac6.mcu.externaltools.arm-none.win32_1.7.0.201602121829/tools/compiler/bin/../lib/gcc/arm-none-eabi/5.2.1/../../../../arm-none-eabi/lib/armv6-m/crt0.o (__libc_init_array)
c:/ac6/systemworkbench/plugins/fr.ac6.mcu.externaltools.arm-none.win32_1.7.0.201602121829/tools/compiler/bin/../lib/gcc/arm-none-eabi/5.2.1/../../../../arm-none-eabi/lib/armv6-m\libc_nano.a(lib_a-memcpy-stub.o)
                              Drivers/STM32F0xx_HAL_Driver/stm32f0xx_hal_rcc.o (memcpy)
c:/ac6/systemworkbench/plugins/fr.ac6.mcu.externaltools.arm-none.win32_1.7.0.201602121829/tools/compiler/bin/../lib/gcc/arm-none-eabi/5.2.1/../../../../arm-none-eabi/lib/armv6-m\libc_nano.a(lib_a-memset.o)
                              c:/ac6/systemworkbench/plugins/fr.ac6.mcu.externaltools.arm-none.win32_1.7.0.201602121829/tools/compiler/bin/../lib/gcc/arm-none-eabi/5.2.1/../../../../arm-none-eabi/lib/armv6-m/crt0.o (memset)
c:/ac6/systemworkbench/plugins/fr.ac6.mcu.externaltools.arm-none.win32_1.7.0.201602121829/tools/compiler/bin/../lib/gcc/arm-none-eabi/5.2.1/../../../../arm-none-eabi/lib/armv6-m\libnosys.a(_exit.o)
                              c:/ac6/systemworkbench/plugins/fr.ac6.mcu.externaltools.arm-none.win32_1.7.0.201602121829/tools/compiler/bin/../lib/gcc/arm-none-eabi/5.2.1/../../../../arm-none-eabi/lib/armv6-m\libc_nano.a(lib_a-exit.o) (_exit)

Allocating common symbols
Common symbol       size              file

Right               0x2               Application/User/main.o
Weight              0x20              Application/User/main.o
htim15              0x3c              Application/User/main.o
KTIRLine            0x20              Application/User/main.o
uwTick              0x4               Drivers/STM32F0xx_HAL_Driver/stm32f0xx_hal.o
pFlash              0x20              Drivers/STM32F0xx_HAL_Driver/stm32f0xx_hal_flash.o
Left                0x2               Application/User/main.o
huart1              0x70              Application/User/main.o
ADCData             0x40              Application/User/main.o
htim2               0x3c              Application/User/main.o
hdma_adc            0x3c              Application/User/main.o
hadc                0x4c              Application/User/main.o
htim16              0x3c              Application/User/main.o

Discarded input sections

[...]
Memory Configuration

Name             Origin             Length             Attributes
RAM              0x20000000         0x00002000         xrw
FLASH            0x08000000         0x00010000         xr
*default*        0x00000000         0xffffffff

Linker script and memory map

LOAD c:/ac6/systemworkbench/plugins/fr.ac6.mcu.externaltools.arm-none.win32_1.7.0.201602121829/tools/compiler/bin/../lib/gcc/arm-none-eabi/5.2.1/armv6-m/crti.o
LOAD c:/ac6/systemworkbench/plugins/fr.ac6.mcu.externaltools.arm-none.win32_1.7.0.201602121829/tools/compiler/bin/../lib/gcc/arm-none-eabi/5.2.1/armv6-m/crtbegin.o
LOAD c:/ac6/systemworkbench/plugins/fr.ac6.mcu.externaltools.arm-none.win32_1.7.0.201602121829/tools/compiler/bin/../lib/gcc/arm-none-eabi/5.2.1/../../../../arm-none-eabi/lib/armv6-m/crt0.o
LOAD c:/ac6/systemworkbench/plugins/fr.ac6.mcu.externaltools.arm-none.win32_1.7.0.201602121829/tools/compiler/bin/../lib/gcc/arm-none-eabi/5.2.1/../../../../arm-none-eabi/lib/armv6-m\libm.a
LOAD Application/SW4STM32/startup_stm32f051x8.o
LOAD Application/User/main.o
LOAD Application/User/stm32f0xx_hal_msp.o
LOAD Application/User/stm32f0xx_it.o
LOAD Drivers/CMSIS/system_stm32f0xx.o
LOAD Drivers/STM32F0xx_HAL_Driver/stm32f0xx_hal.o
LOAD Drivers/STM32F0xx_HAL_Driver/stm32f0xx_hal_adc.o
LOAD Drivers/STM32F0xx_HAL_Driver/stm32f0xx_hal_adc_ex.o
LOAD Drivers/STM32F0xx_HAL_Driver/stm32f0xx_hal_cortex.o
LOAD Drivers/STM32F0xx_HAL_Driver/stm32f0xx_hal_dma.o
LOAD Drivers/STM32F0xx_HAL_Driver/stm32f0xx_hal_flash.o
LOAD Drivers/STM32F0xx_HAL_Driver/stm32f0xx_hal_flash_ex.o
LOAD Drivers/STM32F0xx_HAL_Driver/stm32f0xx_hal_gpio.o
LOAD Drivers/STM32F0xx_HAL_Driver/stm32f0xx_hal_i2c.o
LOAD Drivers/STM32F0xx_HAL_Driver/stm32f0xx_hal_i2c_ex.o
LOAD Drivers/STM32F0xx_HAL_Driver/stm32f0xx_hal_pwr.o
LOAD Drivers/STM32F0xx_HAL_Driver/stm32f0xx_hal_pwr_ex.o
LOAD Drivers/STM32F0xx_HAL_Driver/stm32f0xx_hal_rcc.o
LOAD Drivers/STM32F0xx_HAL_Driver/stm32f0xx_hal_rcc_ex.o
LOAD Drivers/STM32F0xx_HAL_Driver/stm32f0xx_hal_tim.o
LOAD Drivers/STM32F0xx_HAL_Driver/stm32f0xx_hal_tim_ex.o
LOAD Drivers/STM32F0xx_HAL_Driver/stm32f0xx_hal_uart.o
LOAD Drivers/STM32F0xx_HAL_Driver/stm32f0xx_hal_uart_ex.o
START GROUP
LOAD c:/ac6/systemworkbench/plugins/fr.ac6.mcu.externaltools.arm-none.win32_1.7.0.201602121829/tools/compiler/bin/../lib/gcc/arm-none-eabi/5.2.1/armv6-m\libgcc.a
LOAD c:/ac6/systemworkbench/plugins/fr.ac6.mcu.externaltools.arm-none.win32_1.7.0.201602121829/tools/compiler/bin/../lib/gcc/arm-none-eabi/5.2.1/../../../../arm-none-eabi/lib/armv6-m\libc_nano.a
END GROUP
START GROUP
LOAD c:/ac6/systemworkbench/plugins/fr.ac6.mcu.externaltools.arm-none.win32_1.7.0.201602121829/tools/compiler/bin/../lib/gcc/arm-none-eabi/5.2.1/armv6-m\libgcc.a
LOAD c:/ac6/systemworkbench/plugins/fr.ac6.mcu.externaltools.arm-none.win32_1.7.0.201602121829/tools/compiler/bin/../lib/gcc/arm-none-eabi/5.2.1/../../../../arm-none-eabi/lib/armv6-m\libc_nano.a
LOAD c:/ac6/systemworkbench/plugins/fr.ac6.mcu.externaltools.arm-none.win32_1.7.0.201602121829/tools/compiler/bin/../lib/gcc/arm-none-eabi/5.2.1/../../../../arm-none-eabi/lib/armv6-m\libnosys.a
END GROUP
START GROUP
LOAD c:/ac6/systemworkbench/plugins/fr.ac6.mcu.externaltools.arm-none.win32_1.7.0.201602121829/tools/compiler/bin/../lib/gcc/arm-none-eabi/5.2.1/armv6-m\libgcc.a
LOAD c:/ac6/systemworkbench/plugins/fr.ac6.mcu.externaltools.arm-none.win32_1.7.0.201602121829/tools/compiler/bin/../lib/gcc/arm-none-eabi/5.2.1/../../../../arm-none-eabi/lib/armv6-m\libc_nano.a
LOAD c:/ac6/systemworkbench/plugins/fr.ac6.mcu.externaltools.arm-none.win32_1.7.0.201602121829/tools/compiler/bin/../lib/gcc/arm-none-eabi/5.2.1/../../../../arm-none-eabi/lib/armv6-m\libnosys.a
END GROUP
LOAD c:/ac6/systemworkbench/plugins/fr.ac6.mcu.externaltools.arm-none.win32_1.7.0.201602121829/tools/compiler/bin/../lib/gcc/arm-none-eabi/5.2.1/armv6-m/crtend.o
LOAD c:/ac6/systemworkbench/plugins/fr.ac6.mcu.externaltools.arm-none.win32_1.7.0.201602121829/tools/compiler/bin/../lib/gcc/arm-none-eabi/5.2.1/armv6-m/crtn.o
                0x20002000                _estack = 0x20002000
                0x00000200                _Min_Heap_Size = 0x200
                0x00000400                _Min_Stack_Size = 0x400

.isr_vector     0x08000000       0xc0
                0x08000000                . = ALIGN (0x4)
 *(.isr_vector)
 .isr_vector    0x08000000       0xc0 Application/SW4STM32/startup_stm32f051x8.o
                0x08000000                g_pfnVectors
                0x080000c0                . = ALIGN (0x4)

.text           0x080000c0     0x2a90
                0x080000c0                . = ALIGN (0x4)
 *(.text)
 .text          0x080000c0       0xb4 c:/ac6/systemworkbench/plugins/fr.ac6.mcu.externaltools.arm-none.win32_1.7.0.201602121829/tools/compiler/bin/../lib/gcc/arm-none-eabi/5.2.1/armv6-m/crtbegin.o
 .text          0x08000174       0x14 c:/ac6/systemworkbench/plugins/fr.ac6.mcu.externaltools.arm-none.win32_1.7.0.201602121829/tools/compiler/bin/../lib/gcc/arm-none-eabi/5.2.1/armv6-m\libgcc.a(_thumb1_case_uqi.o)
                0x08000174                __gnu_thumb1_case_uqi
 .text          0x08000188      0x114 c:/ac6/systemworkbench/plugins/fr.ac6.mcu.externaltools.arm-none.win32_1.7.0.201602121829/tools/compiler/bin/../lib/gcc/arm-none-eabi/5.2.1/armv6-m\libgcc.a(_udivsi3.o)
                0x08000188                __aeabi_uidiv
                0x08000188                __udivsi3
                0x08000294                __aeabi_uidivmod
 .text          0x0800029c      0x1d4 c:/ac6/systemworkbench/plugins/fr.ac6.mcu.externaltools.arm-none.win32_1.7.0.201602121829/tools/compiler/bin/../lib/gcc/arm-none-eabi/5.2.1/armv6-m\libgcc.a(_divsi3.o)
                0x0800029c                __divsi3
                0x0800029c                __aeabi_idiv
                0x08000468                __aeabi_idivmod
 .text          0x08000470        0x4 c:/ac6/systemworkbench/plugins/fr.ac6.mcu.externaltools.arm-none.win32_1.7.0.201602121829/tools/compiler/bin/../lib/gcc/arm-none-eabi/5.2.1/armv6-m\libgcc.a(_dvmd_tls.o)
                0x08000470                __aeabi_idiv0
                0x08000470                __aeabi_ldiv0
 *(.text*)
 .text.Reset_Handler
                0x08000474       0x50 Application/SW4STM32/startup_stm32f051x8.o
                0x08000474                Reset_Handler
 .text.Default_Handler
                0x080004c4        0x2 Application/SW4STM32/startup_stm32f051x8.o
                0x080004c4                TIM1_CC_IRQHandler
                0x080004c4                TSC_IRQHandler
                0x080004c4                ADC1_COMP_IRQHandler
                0x080004c4                PVD_IRQHandler
                0x080004c4                I2C1_IRQHandler
                0x080004c4                RCC_CRS_IRQHandler
                0x080004c4                SPI1_IRQHandler
                0x080004c4                TIM6_DAC_IRQHandler
                0x080004c4                EXTI2_3_IRQHandler
                0x080004c4                I2C2_IRQHandler
                0x080004c4                TIM17_IRQHandler
                0x080004c4                CEC_CAN_IRQHandler
                0x080004c4                RTC_IRQHandler
                0x080004c4                TIM3_IRQHandler
                0x080004c4                EXTI4_15_IRQHandler
                0x080004c4                Default_Handler
                0x080004c4                TIM14_IRQHandler
                0x080004c4                DMA1_Channel4_5_IRQHandler
                0x080004c4                TIM15_IRQHandler
                0x080004c4                EXTI0_1_IRQHandler
                0x080004c4                SPI2_IRQHandler
                0x080004c4                WWDG_IRQHandler
                0x080004c4                TIM2_IRQHandler
                0x080004c4                DMA1_Channel2_3_IRQHandler
                0x080004c4                USART2_IRQHandler
                0x080004c4                FLASH_IRQHandler
                0x080004c4                TIM1_BRK_UP_TRG_COM_IRQHandler
 *fill*         0x080004c6        0x2 
 .text.HAL_TIM_PeriodElapsedCallback
                0x080004c8      0x1dc Application/User/main.o
                0x080004c8                HAL_TIM_PeriodElapsedCallback
 .text.SystemClock_Config
                0x080006a4       0x7e Application/User/main.o
                0x080006a4                SystemClock_Config
 *fill*         0x08000722        0x2 
 .text.startup.main
                0x08000724      0x448 Application/User/main.o
                0x08000724                main
 .text.Error_Handler
                0x08000b6c        0x2 Application/User/main.o
                0x08000b6c                Error_Handler
 *fill*         0x08000b6e        0x2 
 .text.HAL_MspInit
                0x08000b70       0x40 Application/User/stm32f0xx_hal_msp.o
                0x08000b70                HAL_MspInit
 .text.HAL_ADC_MspInit
                0x08000bb0       0xa0 Application/User/stm32f0xx_hal_msp.o
                0x08000bb0                HAL_ADC_MspInit
 .text.HAL_TIM_Base_MspInit
                0x08000c50       0x78 Application/User/stm32f0xx_hal_msp.o
                0x08000c50                HAL_TIM_Base_MspInit
 .text.HAL_TIM_MspPostInit
                0x08000cc8       0x54 Application/User/stm32f0xx_hal_msp.o
                0x08000cc8                HAL_TIM_MspPostInit
 .text.HAL_UART_MspInit
                0x08000d1c       0x5c Application/User/stm32f0xx_hal_msp.o
                0x08000d1c                HAL_UART_MspInit
 .text.NMI_Handler
                0x08000d78        0x2 Application/User/stm32f0xx_it.o
                0x08000d78                NMI_Handler
 .text.HardFault_Handler
                0x08000d7a        0x2 Application/User/stm32f0xx_it.o
                0x08000d7a                HardFault_Handler
 .text.SVC_Handler
                0x08000d7c        0x2 Application/User/stm32f0xx_it.o
                0x08000d7c                SVC_Handler
 .text.PendSV_Handler
                0x08000d7e        0x2 Application/User/stm32f0xx_it.o
                0x08000d7e                PendSV_Handler
 .text.SysTick_Handler
                0x08000d80        0xc Application/User/stm32f0xx_it.o
                0x08000d80                SysTick_Handler
 .text.DMA1_Channel1_IRQHandler
                0x08000d8c       0x10 Application/User/stm32f0xx_it.o
                0x08000d8c                DMA1_Channel1_IRQHandler
 .text.TIM16_IRQHandler
                0x08000d9c       0x10 Application/User/stm32f0xx_it.o
                0x08000d9c                TIM16_IRQHandler
 .text.USART1_IRQHandler
                0x08000dac       0x10 Application/User/stm32f0xx_it.o
                0x08000dac                USART1_IRQHandler
 .text.SystemInit
                0x08000dbc       0x60 Drivers/CMSIS/system_stm32f0xx.o
                0x08000dbc                SystemInit
 .text.HAL_InitTick
                0x08000e1c       0x24 Drivers/STM32F0xx_HAL_Driver/stm32f0xx_hal.o
                0x08000e1c                HAL_InitTick
 .text.HAL_Init
                0x08000e40       0x20 Drivers/STM32F0xx_HAL_Driver/stm32f0xx_hal.o
                0x08000e40                HAL_Init
 .text.HAL_IncTick
                0x08000e60       0x10 Drivers/STM32F0xx_HAL_Driver/stm32f0xx_hal.o
                0x08000e60                HAL_IncTick
 .text.HAL_GetTick
                0x08000e70        0xc Drivers/STM32F0xx_HAL_Driver/stm32f0xx_hal.o
                0x08000e70                HAL_GetTick
 .text.HAL_Delay
                0x08000e7c       0x18 Drivers/STM32F0xx_HAL_Driver/stm32f0xx_hal.o
                0x08000e7c                HAL_Delay
 .text.ADC_Enable
                0x08000e94       0x9c Drivers/STM32F0xx_HAL_Driver/stm32f0xx_hal_adc.o
 .text.HAL_ADC_Init
                0x08000f30      0x148 Drivers/STM32F0xx_HAL_Driver/stm32f0xx_hal_adc.o
                0x08000f30                HAL_ADC_Init
 .text.HAL_ADC_Start_DMA
                0x08001078       0x94 Drivers/STM32F0xx_HAL_Driver/stm32f0xx_hal_adc.o
                0x08001078                HAL_ADC_Start_DMA
 .text.HAL_ADC_ConvCpltCallback
                0x0800110c        0x2 Drivers/STM32F0xx_HAL_Driver/stm32f0xx_hal_adc.o
                0x0800110c                HAL_ADC_ConvCpltCallback
 *fill*         0x0800110e        0x2 
 .text.ADC_DMAConvCplt
                0x08001110       0x70 Drivers/STM32F0xx_HAL_Driver/stm32f0xx_hal_adc.o
 .text.HAL_ADC_ConvHalfCpltCallback
                0x08001180        0x2 Drivers/STM32F0xx_HAL_Driver/stm32f0xx_hal_adc.o
                0x08001180                HAL_ADC_ConvHalfCpltCallback
 .text.ADC_DMAHalfConvCplt
                0x08001182        0xa Drivers/STM32F0xx_HAL_Driver/stm32f0xx_hal_adc.o
 .text.HAL_ADC_ErrorCallback
                0x0800118c        0x2 Drivers/STM32F0xx_HAL_Driver/stm32f0xx_hal_adc.o
                0x0800118c                HAL_ADC_ErrorCallback
 .text.ADC_DMAError
                0x0800118e       0x1a Drivers/STM32F0xx_HAL_Driver/stm32f0xx_hal_adc.o
 .text.HAL_ADC_ConfigChannel
                0x080011a8       0xfc Drivers/STM32F0xx_HAL_Driver/stm32f0xx_hal_adc.o
                0x080011a8                HAL_ADC_ConfigChannel
 .text.HAL_NVIC_SetPriority
                0x080012a4       0x60 Drivers/STM32F0xx_HAL_Driver/stm32f0xx_hal_cortex.o
                0x080012a4                HAL_NVIC_SetPriority
 .text.HAL_NVIC_EnableIRQ
                0x08001304       0x14 Drivers/STM32F0xx_HAL_Driver/stm32f0xx_hal_cortex.o
                0x08001304                HAL_NVIC_EnableIRQ
 .text.HAL_SYSTICK_Config
                0x08001318       0x34 Drivers/STM32F0xx_HAL_Driver/stm32f0xx_hal_cortex.o
                0x08001318                HAL_SYSTICK_Config
 .text.HAL_SYSTICK_CLKSourceConfig
                0x0800134c       0x1c Drivers/STM32F0xx_HAL_Driver/stm32f0xx_hal_cortex.o
                0x0800134c                HAL_SYSTICK_CLKSourceConfig
 .text.HAL_SYSTICK_Callback
                0x08001368        0x2 Drivers/STM32F0xx_HAL_Driver/stm32f0xx_hal_cortex.o
                0x08001368                HAL_SYSTICK_Callback
 .text.HAL_SYSTICK_IRQHandler
                0x0800136a        0x8 Drivers/STM32F0xx_HAL_Driver/stm32f0xx_hal_cortex.o
                0x0800136a                HAL_SYSTICK_IRQHandler
 *fill*         0x08001372        0x2 
 .text.HAL_DMA_Init
                0x08001374       0x50 Drivers/STM32F0xx_HAL_Driver/stm32f0xx_hal_dma.o
                0x08001374                HAL_DMA_Init
 .text.HAL_DMA_Start_IT
                0x080013c4       0x56 Drivers/STM32F0xx_HAL_Driver/stm32f0xx_hal_dma.o
                0x080013c4                HAL_DMA_Start_IT
 *fill*         0x0800141a        0x2 
 .text.HAL_DMA_IRQHandler
                0x0800141c      0x1b4 Drivers/STM32F0xx_HAL_Driver/stm32f0xx_hal_dma.o
                0x0800141c                HAL_DMA_IRQHandler
 .text.HAL_GPIO_Init
                0x080015d0      0x15c Drivers/STM32F0xx_HAL_Driver/stm32f0xx_hal_gpio.o
                0x080015d0                HAL_GPIO_Init
 .text.HAL_GPIO_WritePin
                0x0800172c        0xc Drivers/STM32F0xx_HAL_Driver/stm32f0xx_hal_gpio.o
                0x0800172c                HAL_GPIO_WritePin
 .text.HAL_RCC_OscConfig
                0x08001738      0x3dc Drivers/STM32F0xx_HAL_Driver/stm32f0xx_hal_rcc.o
                0x08001738                HAL_RCC_OscConfig
 .text.HAL_RCC_GetSysClockFreq
                0x08001b14       0x64 Drivers/STM32F0xx_HAL_Driver/stm32f0xx_hal_rcc.o
                0x08001b14                HAL_RCC_GetSysClockFreq
 .text.HAL_RCC_ClockConfig
                0x08001b78      0x12c Drivers/STM32F0xx_HAL_Driver/stm32f0xx_hal_rcc.o
                0x08001b78                HAL_RCC_ClockConfig
 .text.HAL_RCC_GetHCLKFreq
                0x08001ca4        0xc Drivers/STM32F0xx_HAL_Driver/stm32f0xx_hal_rcc.o
                0x08001ca4                HAL_RCC_GetHCLKFreq
 .text.HAL_RCC_GetPCLK1Freq
                0x08001cb0       0x20 Drivers/STM32F0xx_HAL_Driver/stm32f0xx_hal_rcc.o
                0x08001cb0                HAL_RCC_GetPCLK1Freq
 .text.HAL_RCCEx_PeriphCLKConfig
                0x08001cd0      0x120 Drivers/STM32F0xx_HAL_Driver/stm32f0xx_hal_rcc_ex.o
                0x08001cd0                HAL_RCCEx_PeriphCLKConfig
 .text.TIM_OC1_SetConfig
                0x08001df0       0x88 Drivers/STM32F0xx_HAL_Driver/stm32f0xx_hal_tim.o
 .text.TIM_OC3_SetConfig
                0x08001e78       0x8c Drivers/STM32F0xx_HAL_Driver/stm32f0xx_hal_tim.o
 .text.TIM_OC4_SetConfig
                0x08001f04       0x74 Drivers/STM32F0xx_HAL_Driver/stm32f0xx_hal_tim.o
 .text.HAL_TIM_Base_Start_IT
                0x08001f78       0x14 Drivers/STM32F0xx_HAL_Driver/stm32f0xx_hal_tim.o
                0x08001f78                HAL_TIM_Base_Start_IT
 .text.HAL_TIM_PWM_MspInit
                0x08001f8c        0x2 Drivers/STM32F0xx_HAL_Driver/stm32f0xx_hal_tim.o
                0x08001f8c                HAL_TIM_PWM_MspInit
 .text.HAL_TIM_OC_DelayElapsedCallback
                0x08001f8e        0x2 Drivers/STM32F0xx_HAL_Driver/stm32f0xx_hal_tim.o
                0x08001f8e                HAL_TIM_OC_DelayElapsedCallback
 .text.HAL_TIM_IC_CaptureCallback
                0x08001f90        0x2 Drivers/STM32F0xx_HAL_Driver/stm32f0xx_hal_tim.o
                0x08001f90                HAL_TIM_IC_CaptureCallback
 .text.HAL_TIM_PWM_PulseFinishedCallback
                0x08001f92        0x2 Drivers/STM32F0xx_HAL_Driver/stm32f0xx_hal_tim.o
                0x08001f92                HAL_TIM_PWM_PulseFinishedCallback
 .text.HAL_TIM_TriggerCallback
                0x08001f94        0x2 Drivers/STM32F0xx_HAL_Driver/stm32f0xx_hal_tim.o
                0x08001f94                HAL_TIM_TriggerCallback
 .text.HAL_TIM_IRQHandler
                0x08001f96      0x146 Drivers/STM32F0xx_HAL_Driver/stm32f0xx_hal_tim.o
                0x08001f96                HAL_TIM_IRQHandler
 .text.TIM_Base_SetConfig
                0x080020dc       0x98 Drivers/STM32F0xx_HAL_Driver/stm32f0xx_hal_tim.o
                0x080020dc                TIM_Base_SetConfig
 .text.HAL_TIM_Base_Init
                0x08002174       0x36 Drivers/STM32F0xx_HAL_Driver/stm32f0xx_hal_tim.o
                0x08002174                HAL_TIM_Base_Init
 .text.HAL_TIM_PWM_Init
                0x080021aa       0x36 Drivers/STM32F0xx_HAL_Driver/stm32f0xx_hal_tim.o
                0x080021aa                HAL_TIM_PWM_Init
 .text.TIM_OC2_SetConfig
                0x080021e0       0x84 Drivers/STM32F0xx_HAL_Driver/stm32f0xx_hal_tim.o
                0x080021e0                TIM_OC2_SetConfig
 .text.HAL_TIM_PWM_ConfigChannel
                0x08002264       0xd4 Drivers/STM32F0xx_HAL_Driver/stm32f0xx_hal_tim.o
                0x08002264                HAL_TIM_PWM_ConfigChannel
 .text.TIM_ETR_SetConfig
                0x08002338       0x18 Drivers/STM32F0xx_HAL_Driver/stm32f0xx_hal_tim.o
                0x08002338                TIM_ETR_SetConfig
 .text.HAL_TIM_ConfigClockSource
                0x08002350      0x154 Drivers/STM32F0xx_HAL_Driver/stm32f0xx_hal_tim.o
                0x08002350                HAL_TIM_ConfigClockSource
 .text.TIM_CCxChannelCmd
                0x080024a4       0x16 Drivers/STM32F0xx_HAL_Driver/stm32f0xx_hal_tim.o
                0x080024a4                TIM_CCxChannelCmd
 *fill*         0x080024ba        0x2 
 .text.HAL_TIM_PWM_Start
                0x080024bc       0x4c Drivers/STM32F0xx_HAL_Driver/stm32f0xx_hal_tim.o
                0x080024bc                HAL_TIM_PWM_Start
 .text.HAL_TIMEx_MasterConfigSynchronization
                0x08002508       0x42 Drivers/STM32F0xx_HAL_Driver/stm32f0xx_hal_tim_ex.o
                0x08002508                HAL_TIMEx_MasterConfigSynchronization
 .text.HAL_TIMEx_ConfigBreakDeadTime
                0x0800254a       0x3e Drivers/STM32F0xx_HAL_Driver/stm32f0xx_hal_tim_ex.o
                0x0800254a                HAL_TIMEx_ConfigBreakDeadTime
 .text.HAL_TIMEx_CommutationCallback
                0x08002588        0x2 Drivers/STM32F0xx_HAL_Driver/stm32f0xx_hal_tim_ex.o
                0x08002588                HAL_TIMEx_CommutationCallback
 .text.HAL_TIMEx_BreakCallback
                0x0800258a        0x2 Drivers/STM32F0xx_HAL_Driver/stm32f0xx_hal_tim_ex.o
                0x0800258a                HAL_TIMEx_BreakCallback
 .text.HAL_UART_TxCpltCallback
                0x0800258c        0x2 Drivers/STM32F0xx_HAL_Driver/stm32f0xx_hal_uart.o
                0x0800258c                HAL_UART_TxCpltCallback
 .text.HAL_UART_RxCpltCallback
                0x0800258e        0x2 Drivers/STM32F0xx_HAL_Driver/stm32f0xx_hal_uart.o
                0x0800258e                HAL_UART_RxCpltCallback
 .text.HAL_UART_ErrorCallback
                0x08002590        0x2 Drivers/STM32F0xx_HAL_Driver/stm32f0xx_hal_uart.o
                0x08002590                HAL_UART_ErrorCallback
 *fill*         0x08002592        0x2 
 .text.UART_SetConfig
                0x08002594      0x134 Drivers/STM32F0xx_HAL_Driver/stm32f0xx_hal_uart.o
                0x08002594                UART_SetConfig
 .text.UART_AdvFeatureConfig
                0x080026c8       0xd0 Drivers/STM32F0xx_HAL_Driver/stm32f0xx_hal_uart.o
                0x080026c8                UART_AdvFeatureConfig
 .text.UART_WaitOnFlagUntilTimeout
                0x08002798       0x90 Drivers/STM32F0xx_HAL_Driver/stm32f0xx_hal_uart.o
                0x08002798                UART_WaitOnFlagUntilTimeout
 .text.UART_CheckIdleState
                0x08002828       0x64 Drivers/STM32F0xx_HAL_Driver/stm32f0xx_hal_uart.o
                0x08002828                UART_CheckIdleState
 .text.HAL_UART_Init
                0x0800288c       0x6c Drivers/STM32F0xx_HAL_Driver/stm32f0xx_hal_uart.o
                0x0800288c                HAL_UART_Init
 .text.UART_Transmit_IT
                0x080028f8       0x60 Drivers/STM32F0xx_HAL_Driver/stm32f0xx_hal_uart.o
                0x080028f8                UART_Transmit_IT
 .text.UART_EndTransmit_IT
                0x08002958       0x1c Drivers/STM32F0xx_HAL_Driver/stm32f0xx_hal_uart.o
                0x08002958                UART_EndTransmit_IT
 .text.UART_Receive_IT
                0x08002974       0x84 Drivers/STM32F0xx_HAL_Driver/stm32f0xx_hal_uart.o
                0x08002974                UART_Receive_IT
 .text.HAL_UART_IRQHandler
                0x080029f8       0xde Drivers/STM32F0xx_HAL_Driver/stm32f0xx_hal_uart.o
                0x080029f8                HAL_UART_IRQHandler
 .text.HAL_UARTEx_WakeupCallback
                0x08002ad6        0x2 Drivers/STM32F0xx_HAL_Driver/stm32f0xx_hal_uart_ex.o
                0x08002ad6                HAL_UARTEx_WakeupCallback
 .text.__libc_init_array
                0x08002ad8       0x4c c:/ac6/systemworkbench/plugins/fr.ac6.mcu.externaltools.arm-none.win32_1.7.0.201602121829/tools/compiler/bin/../lib/gcc/arm-none-eabi/5.2.1/../../../../arm-none-eabi/lib/armv6-m\libc_nano.a(lib_a-init.o)
                0x08002ad8                __libc_init_array
 .text.memcpy   0x08002b24       0x12 c:/ac6/systemworkbench/plugins/fr.ac6.mcu.externaltools.arm-none.win32_1.7.0.201602121829/tools/compiler/bin/../lib/gcc/arm-none-eabi/5.2.1/../../../../arm-none-eabi/lib/armv6-m\libc_nano.a(lib_a-memcpy-stub.o)
                0x08002b24                memcpy
 *(.glue_7)
 .glue_7        0x08002b36        0x0 linker stubs
 *(.glue_7t)
 .glue_7t       0x08002b36        0x0 linker stubs
 *(.eh_frame)
 *fill*         0x08002b36        0x2 
 .eh_frame      0x08002b38        0x0 c:/ac6/systemworkbench/plugins/fr.ac6.mcu.externaltools.arm-none.win32_1.7.0.201602121829/tools/compiler/bin/../lib/gcc/arm-none-eabi/5.2.1/armv6-m/crtbegin.o
 *(.init)
 .init          0x08002b38        0x4 c:/ac6/systemworkbench/plugins/fr.ac6.mcu.externaltools.arm-none.win32_1.7.0.201602121829/tools/compiler/bin/../lib/gcc/arm-none-eabi/5.2.1/armv6-m/crti.o
                0x08002b38                _init
 .init          0x08002b3c        0x8 c:/ac6/systemworkbench/plugins/fr.ac6.mcu.externaltools.arm-none.win32_1.7.0.201602121829/tools/compiler/bin/../lib/gcc/arm-none-eabi/5.2.1/armv6-m/crtn.o
 *(.fini)
 .fini          0x08002b44        0x4 c:/ac6/systemworkbench/plugins/fr.ac6.mcu.externaltools.arm-none.win32_1.7.0.201602121829/tools/compiler/bin/../lib/gcc/arm-none-eabi/5.2.1/armv6-m/crti.o
                0x08002b44                _fini
 .fini          0x08002b48        0x8 c:/ac6/systemworkbench/plugins/fr.ac6.mcu.externaltools.arm-none.win32_1.7.0.201602121829/tools/compiler/bin/../lib/gcc/arm-none-eabi/5.2.1/armv6-m/crtn.o
                0x08002b50                . = ALIGN (0x4)
                0x08002b50                _etext = .

.vfp11_veneer   0x08002b50        0x0
 .vfp11_veneer  0x08002b50        0x0 linker stubs

.v4_bx          0x08002b50        0x0
 .v4_bx         0x08002b50        0x0 linker stubs

.iplt           0x08002b50        0x0
 .iplt          0x08002b50        0x0 c:/ac6/systemworkbench/plugins/fr.ac6.mcu.externaltools.arm-none.win32_1.7.0.201602121829/tools/compiler/bin/../lib/gcc/arm-none-eabi/5.2.1/armv6-m/crtbegin.o

.rodata         0x08002b50       0x3c
                0x08002b50                . = ALIGN (0x4)
 *(.rodata)
 .rodata        0x08002b50       0x18 Drivers/CMSIS/system_stm32f0xx.o
                0x08002b50                AHBPrescTable
                0x08002b60                APBPrescTable
 .rodata        0x08002b68       0x20 Drivers/STM32F0xx_HAL_Driver/stm32f0xx_hal_rcc.o
 .rodata        0x08002b88        0x4 Drivers/STM32F0xx_HAL_Driver/stm32f0xx_hal_uart.o
 *(.rodata*)
                0x08002b8c                . = ALIGN (0x4)

.rel.dyn        0x08002b8c        0x0
 .rel.iplt      0x08002b8c        0x0 c:/ac6/systemworkbench/plugins/fr.ac6.mcu.externaltools.arm-none.win32_1.7.0.201602121829/tools/compiler/bin/../lib/gcc/arm-none-eabi/5.2.1/armv6-m/crtbegin.o

.ARM.extab
 *(.ARM.extab* .gnu.linkonce.armextab.*)

.ARM            0x08002b8c        0x0
                0x08002b8c                __exidx_start = .
 *(.ARM.exidx*)
                0x08002b8c                __exidx_end = .

.preinit_array  0x08002b8c        0x0
                0x08002b8c                PROVIDE (__preinit_array_start, .)
 *(.preinit_array*)
                0x08002b8c                PROVIDE (__preinit_array_end, .)

.init_array     0x08002b8c        0x4
                0x08002b8c                PROVIDE (__init_array_start, .)
 *(SORT(.init_array.*))
 *(.init_array*)
 .init_array    0x08002b8c        0x4 c:/ac6/systemworkbench/plugins/fr.ac6.mcu.externaltools.arm-none.win32_1.7.0.201602121829/tools/compiler/bin/../lib/gcc/arm-none-eabi/5.2.1/armv6-m/crtbegin.o
                0x08002b90                PROVIDE (__init_array_end, .)

.fini_array     0x08002b90        0x4
                [!provide]                PROVIDE (__fini_array_start, .)
 *(SORT(.fini_array.*))
 *(.fini_array*)
 .fini_array    0x08002b90        0x4 c:/ac6/systemworkbench/plugins/fr.ac6.mcu.externaltools.arm-none.win32_1.7.0.201602121829/tools/compiler/bin/../lib/gcc/arm-none-eabi/5.2.1/armv6-m/crtbegin.o
                [!provide]                PROVIDE (__fini_array_end, .)
                0x08002b94                _sidata = LOADADDR (.data)

.data           0x20000000        0xc load address 0x08002b94
                0x20000000                . = ALIGN (0x4)
                0x20000000                _sdata = .
 *(.data)
 .data          0x20000000        0x8 Application/User/main.o
                0x20000000                Limit
                0x20000002                Speed
                0x20000004                P
                0x20000006                D
 .data          0x20000008        0x4 Drivers/CMSIS/system_stm32f0xx.o
                0x20000008                SystemCoreClock
 *(.data*)
                0x2000000c                . = ALIGN (0x4)
                0x2000000c                _edata = .

.jcr            0x2000000c        0x0 load address 0x08002ba0
 .jcr           0x2000000c        0x0 c:/ac6/systemworkbench/plugins/fr.ac6.mcu.externaltools.arm-none.win32_1.7.0.201602121829/tools/compiler/bin/../lib/gcc/arm-none-eabi/5.2.1/armv6-m/crtbegin.o

.tm_clone_table
                0x2000000c        0x0 load address 0x08002ba0
 .tm_clone_table
                0x2000000c        0x0 c:/ac6/systemworkbench/plugins/fr.ac6.mcu.externaltools.arm-none.win32_1.7.0.201602121829/tools/compiler/bin/../lib/gcc/arm-none-eabi/5.2.1/armv6-m/crtbegin.o
 .tm_clone_table
                0x2000000c        0x0 c:/ac6/systemworkbench/plugins/fr.ac6.mcu.externaltools.arm-none.win32_1.7.0.201602121829/tools/compiler/bin/../lib/gcc/arm-none-eabi/5.2.1/armv6-m/crtend.o

.igot.plt       0x2000000c        0x0 load address 0x08002ba0
 .igot.plt      0x2000000c        0x0 c:/ac6/systemworkbench/plugins/fr.ac6.mcu.externaltools.arm-none.win32_1.7.0.201602121829/tools/compiler/bin/../lib/gcc/arm-none-eabi/5.2.1/armv6-m/crtbegin.o
                0x2000000c                . = ALIGN (0x4)

.bss            0x2000000c      0x260 load address 0x08002ba0
                0x2000000c                _sbss = .
                0x2000000c                __bss_start__ = _sbss
 *(.bss)
 .bss           0x2000000c       0x1c c:/ac6/systemworkbench/plugins/fr.ac6.mcu.externaltools.arm-none.win32_1.7.0.201602121829/tools/compiler/bin/../lib/gcc/arm-none-eabi/5.2.1/armv6-m/crtbegin.o
 .bss           0x20000028        0x9 Application/User/main.o
                0x20000028                Error
                0x2000002a                devide
                0x2000002c                preverror
                0x2000002e                derivative
                0x20000030                Start
 *(.bss*)
 *(COMMON)
 *fill*         0x20000031        0x3 
 COMMON         0x20000034      0x234 Application/User/main.o
                0x20000034                Right
                0x20000036                Weight
                0x20000058                htim15
                0x20000094                KTIRLine
                0x200000b4                Left
                0x200000b8                huart1
                0x20000128                ADCData
                0x20000168                htim2
                0x200001a4                hdma_adc
                0x200001e0                hadc
                0x2000022c                htim16
 COMMON         0x20000268        0x4 Drivers/STM32F0xx_HAL_Driver/stm32f0xx_hal.o
                0x20000268                uwTick
                0x2000026c                . = ALIGN (0x4)
                0x2000026c                _ebss = .
                0x2000026c                __bss_end__ = _ebss

._user_heap_stack
                0x2000026c      0x604 load address 0x08002ba0
                0x20000270                . = ALIGN (0x8)
 *fill*         0x2000026c        0x4 
                [!provide]                PROVIDE (end, .)
                [!provide]                PROVIDE (_end, .)
                0x20000470                . = (. + _Min_Heap_Size)
 *fill*         0x20000270      0x200 
                0x20000870                . = (. + _Min_Stack_Size)
 *fill*         0x20000470      0x400 
                0x20000870                . = ALIGN (0x8)

/DISCARD/
 libc.a(*)
 libm.a(*)
 libgcc.a(*)

.ARM.attributes
                0x00000000       0x28
 *(.ARM.attributes)
 .ARM.attributes
                0x00000000       0x1e c:/ac6/systemworkbench/plugins/fr.ac6.mcu.externaltools.arm-none.win32_1.7.0.201602121829/tools/compiler/bin/../lib/gcc/arm-none-eabi/5.2.1/armv6-m/crti.o
 .ARM.attributes
                0x0000001e       0x2c c:/ac6/systemworkbench/plugins/fr.ac6.mcu.externaltools.arm-none.win32_1.7.0.201602121829/tools/compiler/bin/../lib/gcc/arm-none-eabi/5.2.1/armv6-m/crtbegin.o
 .ARM.attributes
                0x0000004a       0x21 Application/SW4STM32/startup_stm32f051x8.o
 .ARM.attributes
                0x0000006b       0x31 Application/User/main.o
 .ARM.attributes
                0x0000009c       0x31 Application/User/stm32f0xx_hal_msp.o
 .ARM.attributes
                0x000000cd       0x31 Application/User/stm32f0xx_it.o
 .ARM.attributes
                0x000000fe       0x31 Drivers/CMSIS/system_stm32f0xx.o
 .ARM.attributes
                0x0000012f       0x31 Drivers/STM32F0xx_HAL_Driver/stm32f0xx_hal.o
 .ARM.attributes
                0x00000160       0x31 Drivers/STM32F0xx_HAL_Driver/stm32f0xx_hal_adc.o
 .ARM.attributes
                0x00000191       0x31 Drivers/STM32F0xx_HAL_Driver/stm32f0xx_hal_cortex.o
 .ARM.attributes
                0x000001c2       0x31 Drivers/STM32F0xx_HAL_Driver/stm32f0xx_hal_dma.o
 .ARM.attributes
                0x000001f3       0x31 Drivers/STM32F0xx_HAL_Driver/stm32f0xx_hal_gpio.o
 .ARM.attributes
                0x00000224       0x31 Drivers/STM32F0xx_HAL_Driver/stm32f0xx_hal_rcc.o
 .ARM.attributes
                0x00000255       0x31 Drivers/STM32F0xx_HAL_Driver/stm32f0xx_hal_rcc_ex.o
 .ARM.attributes
                0x00000286       0x31 Drivers/STM32F0xx_HAL_Driver/stm32f0xx_hal_tim.o
 .ARM.attributes
                0x000002b7       0x31 Drivers/STM32F0xx_HAL_Driver/stm32f0xx_hal_tim_ex.o
 .ARM.attributes
                0x000002e8       0x31 Drivers/STM32F0xx_HAL_Driver/stm32f0xx_hal_uart.o
 .ARM.attributes
                0x00000319       0x31 Drivers/STM32F0xx_HAL_Driver/stm32f0xx_hal_uart_ex.o
 .ARM.attributes
                0x0000034a       0x1e c:/ac6/systemworkbench/plugins/fr.ac6.mcu.externaltools.arm-none.win32_1.7.0.201602121829/tools/compiler/bin/../lib/gcc/arm-none-eabi/5.2.1/armv6-m\libgcc.a(_thumb1_case_uqi.o)
 .ARM.attributes
                0x00000368       0x1e c:/ac6/systemworkbench/plugins/fr.ac6.mcu.externaltools.arm-none.win32_1.7.0.201602121829/tools/compiler/bin/../lib/gcc/arm-none-eabi/5.2.1/armv6-m\libgcc.a(_udivsi3.o)
 .ARM.attributes
                0x00000386       0x1e c:/ac6/systemworkbench/plugins/fr.ac6.mcu.externaltools.arm-none.win32_1.7.0.201602121829/tools/compiler/bin/../lib/gcc/arm-none-eabi/5.2.1/armv6-m\libgcc.a(_divsi3.o)
 .ARM.attributes
                0x000003a4       0x1e c:/ac6/systemworkbench/plugins/fr.ac6.mcu.externaltools.arm-none.win32_1.7.0.201602121829/tools/compiler/bin/../lib/gcc/arm-none-eabi/5.2.1/armv6-m\libgcc.a(_dvmd_tls.o)
 .ARM.attributes
                0x000003c2       0x2c c:/ac6/systemworkbench/plugins/fr.ac6.mcu.externaltools.arm-none.win32_1.7.0.201602121829/tools/compiler/bin/../lib/gcc/arm-none-eabi/5.2.1/../../../../arm-none-eabi/lib/armv6-m\libc_nano.a(lib_a-init.o)
 .ARM.attributes
                0x000003ee       0x2c c:/ac6/systemworkbench/plugins/fr.ac6.mcu.externaltools.arm-none.win32_1.7.0.201602121829/tools/compiler/bin/../lib/gcc/arm-none-eabi/5.2.1/../../../../arm-none-eabi/lib/armv6-m\libc_nano.a(lib_a-memcpy-stub.o)
 .ARM.attributes
                0x0000041a       0x2c c:/ac6/systemworkbench/plugins/fr.ac6.mcu.externaltools.arm-none.win32_1.7.0.201602121829/tools/compiler/bin/../lib/gcc/arm-none-eabi/5.2.1/armv6-m/crtend.o
 .ARM.attributes
                0x00000446       0x1e c:/ac6/systemworkbench/plugins/fr.ac6.mcu.externaltools.arm-none.win32_1.7.0.201602121829/tools/compiler/bin/../lib/gcc/arm-none-eabi/5.2.1/armv6-m/crtn.o
OUTPUT(algorytm.elf elf32-littlearm)

.debug_line     0x00000000     0xaade
 .debug_line    0x00000000       0xd7 Application/SW4STM32/startup_stm32f051x8.o
 .debug_line    0x000000d7      0x9bd Application/User/main.o
 .debug_line    0x00000a94      0x8f4 Application/User/stm32f0xx_hal_msp.o
 .debug_line    0x00001388      0x839 Application/User/stm32f0xx_it.o
 .debug_line    0x00001bc1      0x840 Drivers/CMSIS/system_stm32f0xx.o
 .debug_line    0x00002401      0x924 Drivers/STM32F0xx_HAL_Driver/stm32f0xx_hal.o
 .debug_line    0x00002d25      0xd61 Drivers/STM32F0xx_HAL_Driver/stm32f0xx_hal_adc.o
 .debug_line    0x00003a86      0x973 Drivers/STM32F0xx_HAL_Driver/stm32f0xx_hal_cortex.o
 .debug_line    0x000043f9      0xb9e Drivers/STM32F0xx_HAL_Driver/stm32f0xx_hal_dma.o
 .debug_line    0x00004f97      0x962 Drivers/STM32F0xx_HAL_Driver/stm32f0xx_hal_gpio.o
 .debug_line    0x000058f9      0xafa Drivers/STM32F0xx_HAL_Driver/stm32f0xx_hal_rcc.o
 .debug_line    0x000063f3      0x8e5 Drivers/STM32F0xx_HAL_Driver/stm32f0xx_hal_rcc_ex.o
 .debug_line    0x00006cd8     0x1816 Drivers/STM32F0xx_HAL_Driver/stm32f0xx_hal_tim.o
 .debug_line    0x000084ee      0xccd Drivers/STM32F0xx_HAL_Driver/stm32f0xx_hal_tim_ex.o
 .debug_line    0x000091bb      0xfd0 Drivers/STM32F0xx_HAL_Driver/stm32f0xx_hal_uart.o
 .debug_line    0x0000a18b      0x953 Drivers/STM32F0xx_HAL_Driver/stm32f0xx_hal_uart_ex.o

.debug_info     0x00000000     0xc573
 .debug_info    0x00000000       0xda Application/SW4STM32/startup_stm32f051x8.o
 .debug_info    0x000000da     0x1bde Application/User/main.o
 .debug_info    0x00001cb8     0x10c5 Application/User/stm32f0xx_hal_msp.o
 .debug_info    0x00002d7d      0x8f1 Application/User/stm32f0xx_it.o
 .debug_info    0x0000366e      0x246 Drivers/CMSIS/system_stm32f0xx.o
 .debug_info    0x000038b4      0x5a2 Drivers/STM32F0xx_HAL_Driver/stm32f0xx_hal.o
 .debug_info    0x00003e56      0xd43 Drivers/STM32F0xx_HAL_Driver/stm32f0xx_hal_adc.o
 .debug_info    0x00004b99      0x7b1 Drivers/STM32F0xx_HAL_Driver/stm32f0xx_hal_cortex.o
 .debug_info    0x0000534a      0x678 Drivers/STM32F0xx_HAL_Driver/stm32f0xx_hal_dma.o
 .debug_info    0x000059c2      0x5ec Drivers/STM32F0xx_HAL_Driver/stm32f0xx_hal_gpio.o
 .debug_info    0x00005fae      0x999 Drivers/STM32F0xx_HAL_Driver/stm32f0xx_hal_rcc.o
 .debug_info    0x00006947      0x3a7 Drivers/STM32F0xx_HAL_Driver/stm32f0xx_hal_rcc_ex.o
 .debug_info    0x00006cee     0x2d54 Drivers/STM32F0xx_HAL_Driver/stm32f0xx_hal_tim.o
 .debug_info    0x00009a42      0xf91 Drivers/STM32F0xx_HAL_Driver/stm32f0xx_hal_tim_ex.o
 .debug_info    0x0000a9d3     0x1281 Drivers/STM32F0xx_HAL_Driver/stm32f0xx_hal_uart.o
 .debug_info    0x0000bc54      0x91f Drivers/STM32F0xx_HAL_Driver/stm32f0xx_hal_uart_ex.o

.debug_abbrev   0x00000000     0x200d
 .debug_abbrev  0x00000000       0x12 Application/SW4STM32/startup_stm32f051x8.o
 .debug_abbrev  0x00000012      0x29a Application/User/main.o
 .debug_abbrev  0x000002ac      0x1fb Application/User/stm32f0xx_hal_msp.o
 .debug_abbrev  0x000004a7      0x1a0 Application/User/stm32f0xx_it.o
 .debug_abbrev  0x00000647       0xf3 Drivers/CMSIS/system_stm32f0xx.o
 .debug_abbrev  0x0000073a      0x209 Drivers/STM32F0xx_HAL_Driver/stm32f0xx_hal.o
 .debug_abbrev  0x00000943      0x2a7 Drivers/STM32F0xx_HAL_Driver/stm32f0xx_hal_adc.o
 .debug_abbrev  0x00000bea      0x276 Drivers/STM32F0xx_HAL_Driver/stm32f0xx_hal_cortex.o
 .debug_abbrev  0x00000e60      0x203 Drivers/STM32F0xx_HAL_Driver/stm32f0xx_hal_dma.o
 .debug_abbrev  0x00001063      0x1e1 Drivers/STM32F0xx_HAL_Driver/stm32f0xx_hal_gpio.o
 .debug_abbrev  0x00001244      0x254 Drivers/STM32F0xx_HAL_Driver/stm32f0xx_hal_rcc.o
 .debug_abbrev  0x00001498      0x17f Drivers/STM32F0xx_HAL_Driver/stm32f0xx_hal_rcc_ex.o
 .debug_abbrev  0x00001617      0x304 Drivers/STM32F0xx_HAL_Driver/stm32f0xx_hal_tim.o
 .debug_abbrev  0x0000191b      0x271 Drivers/STM32F0xx_HAL_Driver/stm32f0xx_hal_tim_ex.o
 .debug_abbrev  0x00001b8c      0x283 Drivers/STM32F0xx_HAL_Driver/stm32f0xx_hal_uart.o
 .debug_abbrev  0x00001e0f      0x1fe Drivers/STM32F0xx_HAL_Driver/stm32f0xx_hal_uart_ex.o

.debug_aranges  0x00000000      0x948
 .debug_aranges
                0x00000000       0x28 Application/SW4STM32/startup_stm32f051x8.o
 .debug_aranges
                0x00000028       0x38 Application/User/main.o
 .debug_aranges
                0x00000060       0x58 Application/User/stm32f0xx_hal_msp.o
 .debug_aranges
                0x000000b8       0x48 Application/User/stm32f0xx_it.o
 .debug_aranges
                0x00000100       0x28 Drivers/CMSIS/system_stm32f0xx.o
 .debug_aranges
                0x00000128       0x98 Drivers/STM32F0xx_HAL_Driver/stm32f0xx_hal.o
 .debug_aranges
                0x000001c0       0xd0 Drivers/STM32F0xx_HAL_Driver/stm32f0xx_hal_adc.o
 .debug_aranges
                0x00000290       0x78 Drivers/STM32F0xx_HAL_Driver/stm32f0xx_hal_cortex.o
 .debug_aranges
                0x00000308       0x68 Drivers/STM32F0xx_HAL_Driver/stm32f0xx_hal_dma.o
 .debug_aranges
                0x00000370       0x58 Drivers/STM32F0xx_HAL_Driver/stm32f0xx_hal_gpio.o
 .debug_aranges
                0x000003c8       0x80 Drivers/STM32F0xx_HAL_Driver/stm32f0xx_hal_rcc.o
 .debug_aranges
                0x00000448       0x30 Drivers/STM32F0xx_HAL_Driver/stm32f0xx_hal_rcc_ex.o
 .debug_aranges
                0x00000478      0x258 Drivers/STM32F0xx_HAL_Driver/stm32f0xx_hal_tim.o
 .debug_aranges
                0x000006d0       0xf8 Drivers/STM32F0xx_HAL_Driver/stm32f0xx_hal_tim_ex.o
 .debug_aranges
                0x000007c8      0x128 Drivers/STM32F0xx_HAL_Driver/stm32f0xx_hal_uart.o
 .debug_aranges
                0x000008f0       0x58 Drivers/STM32F0xx_HAL_Driver/stm32f0xx_hal_uart_ex.o

.debug_ranges   0x00000000      0xd80
 .debug_ranges  0x00000000       0x20 Application/SW4STM32/startup_stm32f051x8.o
 .debug_ranges  0x00000020       0xe0 Application/User/main.o
 .debug_ranges  0x00000100       0xf0 Application/User/stm32f0xx_hal_msp.o
 .debug_ranges  0x000001f0       0x38 Application/User/stm32f0xx_it.o
 .debug_ranges  0x00000228       0x18 Drivers/CMSIS/system_stm32f0xx.o
 .debug_ranges  0x00000240       0x88 Drivers/STM32F0xx_HAL_Driver/stm32f0xx_hal.o
 .debug_ranges  0x000002c8       0xc0 Drivers/STM32F0xx_HAL_Driver/stm32f0xx_hal_adc.o
 .debug_ranges  0x00000388       0xe8 Drivers/STM32F0xx_HAL_Driver/stm32f0xx_hal_cortex.o
 .debug_ranges  0x00000470       0x58 Drivers/STM32F0xx_HAL_Driver/stm32f0xx_hal_dma.o
 .debug_ranges  0x000004c8       0x68 Drivers/STM32F0xx_HAL_Driver/stm32f0xx_hal_gpio.o
 .debug_ranges  0x00000530       0xb0 Drivers/STM32F0xx_HAL_Driver/stm32f0xx_hal_rcc.o
 .debug_ranges  0x000005e0       0x20 Drivers/STM32F0xx_HAL_Driver/stm32f0xx_hal_rcc_ex.o
 .debug_ranges  0x00000600      0x538 Drivers/STM32F0xx_HAL_Driver/stm32f0xx_hal_tim.o
 .debug_ranges  0x00000b38       0xe8 Drivers/STM32F0xx_HAL_Driver/stm32f0xx_hal_tim_ex.o
 .debug_ranges  0x00000c20      0x118 Drivers/STM32F0xx_HAL_Driver/stm32f0xx_hal_uart.o
 .debug_ranges  0x00000d38       0x48 Drivers/STM32F0xx_HAL_Driver/stm32f0xx_hal_uart_ex.o

.debug_loc      0x00000000     0x70f5
 .debug_loc     0x00000000       0x21 Application/User/main.o
 .debug_loc     0x00000021      0x116 Application/User/stm32f0xx_hal_msp.o
 .debug_loc     0x00000137      0x107 Drivers/CMSIS/system_stm32f0xx.o
 .debug_loc     0x0000023e       0x6a Drivers/STM32F0xx_HAL_Driver/stm32f0xx_hal.o
 .debug_loc     0x000002a8      0x9dc Drivers/STM32F0xx_HAL_Driver/stm32f0xx_hal_adc.o
 .debug_loc     0x00000c84      0x3da Drivers/STM32F0xx_HAL_Driver/stm32f0xx_hal_cortex.o
 .debug_loc     0x0000105e      0x4f3 Drivers/STM32F0xx_HAL_Driver/stm32f0xx_hal_dma.o
 .debug_loc     0x00001551      0x2c5 Drivers/STM32F0xx_HAL_Driver/stm32f0xx_hal_gpio.o
 .debug_loc     0x00001816      0x455 Drivers/STM32F0xx_HAL_Driver/stm32f0xx_hal_rcc.o
 .debug_loc     0x00001c6b      0x279 Drivers/STM32F0xx_HAL_Driver/stm32f0xx_hal_rcc_ex.o
 .debug_loc     0x00001ee4     0x35c5 Drivers/STM32F0xx_HAL_Driver/stm32f0xx_hal_tim.o
 .debug_loc     0x000054a9      0xae0 Drivers/STM32F0xx_HAL_Driver/stm32f0xx_hal_tim_ex.o
 .debug_loc     0x00005f89      0xe6c Drivers/STM32F0xx_HAL_Driver/stm32f0xx_hal_uart.o
 .debug_loc     0x00006df5      0x300 Drivers/STM32F0xx_HAL_Driver/stm32f0xx_hal_uart_ex.o

.debug_macro    0x00000000    0x13284
 .debug_macro   0x00000000      0x2ef Application/User/main.o
 .debug_macro   0x000002ef      0x838 Application/User/main.o
 .debug_macro   0x00000b27      0x15a Application/User/main.o
 .debug_macro   0x00000c81       0xaa Application/User/main.o
 .debug_macro   0x00000d2b       0x2e Application/User/main.o
 .debug_macro   0x00000d59       0x22 Application/User/main.o
 .debug_macro   0x00000d7b       0x22 Application/User/main.o
 .debug_macro   0x00000d9d       0x44 Application/User/main.o
 .debug_macro   0x00000de1       0xfd Application/User/main.o
 .debug_macro   0x00000ede       0x22 Application/User/main.o
 .debug_macro   0x00000f00      0x1df Application/User/main.o
 .debug_macro   0x000010df       0x34 Application/User/main.o
 .debug_macro   0x00001113       0x26 Application/User/main.o
 .debug_macro   0x00001139      0x30d Application/User/main.o
 .debug_macro   0x00001446     0x8ba9 Application/User/main.o
 .debug_macro   0x00009fef       0x3c Application/User/main.o
 .debug_macro   0x0000a02b     0x3398 Application/User/main.o
 .debug_macro   0x0000d3c3       0x58 Application/User/main.o
 .debug_macro   0x0000d41b       0x35 Application/User/main.o
 .debug_macro   0x0000d450       0x9c Application/User/main.o
 .debug_macro   0x0000d4ec       0x16 Application/User/main.o
 .debug_macro   0x0000d502       0x97 Application/User/main.o
 .debug_macro   0x0000d599      0x329 Application/User/main.o
 .debug_macro   0x0000d8c2       0xfd Application/User/main.o
 .debug_macro   0x0000d9bf       0x10 Application/User/main.o
 .debug_macro   0x0000d9cf       0x52 Application/User/main.o
 .debug_macro   0x0000da21       0x16 Application/User/main.o
 .debug_macro   0x0000da37       0x43 Application/User/main.o
 .debug_macro   0x0000da7a      0x187 Application/User/main.o
 .debug_macro   0x0000dc01       0x10 Application/User/main.o
 .debug_macro   0x0000dc11       0x22 Application/User/main.o
 .debug_macro   0x0000dc33       0x3a Application/User/main.o
 .debug_macro   0x0000dc6d       0x10 Application/User/main.o
 .debug_macro   0x0000dc7d       0x40 Application/User/main.o
 .debug_macro   0x0000dcbd       0x65 Application/User/main.o
 .debug_macro   0x0000dd22       0x16 Application/User/main.o
 .debug_macro   0x0000dd38      0x197 Application/User/main.o
 .debug_macro   0x0000decf       0x49 Application/User/main.o
 .debug_macro   0x0000df18      0x931 Application/User/main.o
 .debug_macro   0x0000e849      0x252 Application/User/main.o
 .debug_macro   0x0000ea9b      0x13a Application/User/main.o
 .debug_macro   0x0000ebd5      0x114 Application/User/main.o
 .debug_macro   0x0000ece9      0x1e6 Application/User/main.o
 .debug_macro   0x0000eecf       0x34 Application/User/main.o
 .debug_macro   0x0000ef03       0x43 Application/User/main.o
 .debug_macro   0x0000ef46       0x29 Application/User/main.o
 .debug_macro   0x0000ef6f      0x344 Application/User/main.o
 .debug_macro   0x0000f2b3       0xd6 Application/User/main.o
 .debug_macro   0x0000f389       0xb6 Application/User/main.o
 .debug_macro   0x0000f43f      0x199 Application/User/main.o
 .debug_macro   0x0000f5d8      0x202 Application/User/main.o
 .debug_macro   0x0000f7da       0x43 Application/User/main.o
 .debug_macro   0x0000f81d       0x90 Application/User/main.o
 .debug_macro   0x0000f8ad       0x4d Application/User/main.o
 .debug_macro   0x0000f8fa      0x114 Application/User/main.o
 .debug_macro   0x0000fa0e      0x814 Application/User/main.o
 .debug_macro   0x00010222       0x4e Application/User/main.o
 .debug_macro   0x00010270      0x383 Application/User/main.o
 .debug_macro   0x000105f3      0x1f7 Application/User/main.o
 .debug_macro   0x000107ea      0x10d Application/User/main.o
 .debug_macro   0x000108f7      0x2eb Application/User/stm32f0xx_hal_msp.o
 .debug_macro   0x00010be2      0x2f5 Application/User/stm32f0xx_it.o
 .debug_macro   0x00010ed7      0x2eb Drivers/CMSIS/system_stm32f0xx.o
 .debug_macro   0x000111c2      0x30f Drivers/STM32F0xx_HAL_Driver/stm32f0xx_hal.o
 .debug_macro   0x000114d1      0x30f Drivers/STM32F0xx_HAL_Driver/stm32f0xx_hal_adc.o
 .debug_macro   0x000117e0      0x2eb Drivers/STM32F0xx_HAL_Driver/stm32f0xx_hal_cortex.o
 .debug_macro   0x00011acb      0x2f1 Drivers/STM32F0xx_HAL_Driver/stm32f0xx_hal_dma.o
 .debug_macro   0x00011dbc      0x324 Drivers/STM32F0xx_HAL_Driver/stm32f0xx_hal_gpio.o
 .debug_macro   0x000120e0      0x2fd Drivers/STM32F0xx_HAL_Driver/stm32f0xx_hal_rcc.o
 .debug_macro   0x000123dd      0x2eb Drivers/STM32F0xx_HAL_Driver/stm32f0xx_hal_rcc_ex.o
 .debug_macro   0x000126c8      0x2ec Drivers/STM32F0xx_HAL_Driver/stm32f0xx_hal_tim.o
 .debug_macro   0x000129b4      0x2eb Drivers/STM32F0xx_HAL_Driver/stm32f0xx_hal_tim_ex.o
 .debug_macro   0x00012c9f      0x2fa Drivers/STM32F0xx_HAL_Driver/stm32f0xx_hal_uart.o
 .debug_macro   0x00012f99      0x2eb Drivers/STM32F0xx_HAL_Driver/stm32f0xx_hal_uart_ex.o

.debug_str      0x00000000    0x6e48e
 .debug_str     0x00000000    0x6c0fd Application/User/main.o
                              0x6c523 (size before relaxing)
 .debug_str     0x0006c0fd      0x10e Application/User/stm32f0xx_hal_msp.o
                              0x6bfac (size before relaxing)
 .debug_str     0x0006c20b       0xfe Application/User/stm32f0xx_it.o
                              0x6bb83 (size before relaxing)
 .debug_str     0x0006c309       0xda Drivers/CMSIS/system_stm32f0xx.o
                              0x6b54d (size before relaxing)
 .debug_str     0x0006c3e3      0x2bd Drivers/STM32F0xx_HAL_Driver/stm32f0xx_hal.o
                              0x6b9e7 (size before relaxing)
 .debug_str     0x0006c6a0      0x364 Drivers/STM32F0xx_HAL_Driver/stm32f0xx_hal_adc.o
                              0x6bbb0 (size before relaxing)
 .debug_str     0x0006ca04      0x19b Drivers/STM32F0xx_HAL_Driver/stm32f0xx_hal_cortex.o
                              0x6b8c7 (size before relaxing)
 .debug_str     0x0006cb9f      0x157 Drivers/STM32F0xx_HAL_Driver/stm32f0xx_hal_dma.o
                              0x6b7f7 (size before relaxing)
 .debug_str     0x0006ccf6      0x245 Drivers/STM32F0xx_HAL_Driver/stm32f0xx_hal_gpio.o
                              0x6b7cf (size before relaxing)
 .debug_str     0x0006cf3b      0x217 Drivers/STM32F0xx_HAL_Driver/stm32f0xx_hal_rcc.o
                              0x6b937 (size before relaxing)
 .debug_str     0x0006d152       0xbc Drivers/STM32F0xx_HAL_Driver/stm32f0xx_hal_rcc_ex.o
                              0x6b67e (size before relaxing)
 .debug_str     0x0006d20e      0x963 Drivers/STM32F0xx_HAL_Driver/stm32f0xx_hal_tim.o
                              0x6c34f (size before relaxing)
 .debug_str     0x0006db71      0x328 Drivers/STM32F0xx_HAL_Driver/stm32f0xx_hal_tim_ex.o
                              0x6be56 (size before relaxing)
 .debug_str     0x0006de99      0x459 Drivers/STM32F0xx_HAL_Driver/stm32f0xx_hal_uart.o
                              0x6be7a (size before relaxing)
 .debug_str     0x0006e2f2      0x19c Drivers/STM32F0xx_HAL_Driver/stm32f0xx_hal_uart_ex.o
                              0x6bb09 (size before relaxing)

.comment        0x00000000       0x6e
 .comment       0x00000000       0x6e Application/User/main.o
                                 0x6f (size before relaxing)
 .comment       0x0000006e       0x6f Application/User/stm32f0xx_hal_msp.o
 .comment       0x0000006e       0x6f Application/User/stm32f0xx_it.o
 .comment       0x0000006e       0x6f Drivers/CMSIS/system_stm32f0xx.o
 .comment       0x0000006e       0x6f Drivers/STM32F0xx_HAL_Driver/stm32f0xx_hal.o
 .comment       0x0000006e       0x6f Drivers/STM32F0xx_HAL_Driver/stm32f0xx_hal_adc.o
 .comment       0x0000006e       0x6f Drivers/STM32F0xx_HAL_Driver/stm32f0xx_hal_cortex.o
 .comment       0x0000006e       0x6f Drivers/STM32F0xx_HAL_Driver/stm32f0xx_hal_dma.o
 .comment       0x0000006e       0x6f Drivers/STM32F0xx_HAL_Driver/stm32f0xx_hal_gpio.o
 .comment       0x0000006e       0x6f Drivers/STM32F0xx_HAL_Driver/stm32f0xx_hal_rcc.o
 .comment       0x0000006e       0x6f Drivers/STM32F0xx_HAL_Driver/stm32f0xx_hal_rcc_ex.o
 .comment       0x0000006e       0x6f Drivers/STM32F0xx_HAL_Driver/stm32f0xx_hal_tim.o
 .comment       0x0000006e       0x6f Drivers/STM32F0xx_HAL_Driver/stm32f0xx_hal_tim_ex.o
 .comment       0x0000006e       0x6f Drivers/STM32F0xx_HAL_Driver/stm32f0xx_hal_uart.o
 .comment       0x0000006e       0x6f Drivers/STM32F0xx_HAL_Driver/stm32f0xx_hal_uart_ex.o

.debug_frame    0x00000000     0x1ce0
 .debug_frame   0x00000000       0x84 Application/User/main.o
 .debug_frame   0x00000084       0xf4 Application/User/stm32f0xx_hal_msp.o
 .debug_frame   0x00000178       0xb0 Application/User/stm32f0xx_it.o
 .debug_frame   0x00000228       0x3c Drivers/CMSIS/system_stm32f0xx.o
 .debug_frame   0x00000264      0x144 Drivers/STM32F0xx_HAL_Driver/stm32f0xx_hal.o
 .debug_frame   0x000003a8      0x2d8 Drivers/STM32F0xx_HAL_Driver/stm32f0xx_hal_adc.o
 .debug_frame   0x00000680       0xe4 Drivers/STM32F0xx_HAL_Driver/stm32f0xx_hal_cortex.o
 .debug_frame   0x00000764      0x11c Drivers/STM32F0xx_HAL_Driver/stm32f0xx_hal_dma.o
 .debug_frame   0x00000880       0xc0 Drivers/STM32F0xx_HAL_Driver/stm32f0xx_hal_gpio.o
 .debug_frame   0x00000940      0x12c Drivers/STM32F0xx_HAL_Driver/stm32f0xx_hal_rcc.o
 .debug_frame   0x00000a6c       0x58 Drivers/STM32F0xx_HAL_Driver/stm32f0xx_hal_rcc_ex.o
 .debug_frame   0x00000ac4      0x918 Drivers/STM32F0xx_HAL_Driver/stm32f0xx_hal_tim.o
 .debug_frame   0x000013dc      0x3ac Drivers/STM32F0xx_HAL_Driver/stm32f0xx_hal_tim_ex.o
 .debug_frame   0x00001788      0x3e0 Drivers/STM32F0xx_HAL_Driver/stm32f0xx_hal_uart.o
 .debug_frame   0x00001b68       0xe4 Drivers/STM32F0xx_HAL_Driver/stm32f0xx_hal_uart_ex.o
 .debug_frame   0x00001c4c       0x20 c:/ac6/systemworkbench/plugins/fr.ac6.mcu.externaltools.arm-none.win32_1.7.0.201602121829/tools/compiler/bin/../lib/gcc/arm-none-eabi/5.2.1/armv6-m\libgcc.a(_udivsi3.o)
 .debug_frame   0x00001c6c       0x20 c:/ac6/systemworkbench/plugins/fr.ac6.mcu.externaltools.arm-none.win32_1.7.0.201602121829/tools/compiler/bin/../lib/gcc/arm-none-eabi/5.2.1/armv6-m\libgcc.a(_divsi3.o)
 .debug_frame   0x00001c8c       0x2c c:/ac6/systemworkbench/plugins/fr.ac6.mcu.externaltools.arm-none.win32_1.7.0.201602121829/tools/compiler/bin/../lib/gcc/arm-none-eabi/5.2.1/../../../../arm-none-eabi/lib/armv6-m\libc_nano.a(lib_a-init.o)
 .debug_frame   0x00001cb8       0x28 c:/ac6/systemworkbench/plugins/fr.ac6.mcu.externaltools.arm-none.win32_1.7.0.201602121829/tools/compiler/bin/../lib/gcc/arm-none-eabi/5.2.1/../../../../arm-none-eabi/lib/armv6-m\libc_nano.a(lib_a-memcpy-stub.o)
